1: 2 3 4
2: 1 47 48
3: 1 46 49
4: 1 45 50
5: 6 7 9
6: 5 14 15
7: 5 12 16
8: 10 43 44
9: 5 10 13
10: 8 9 19
11: 18 35 36
12: 7 13 19
13: 9 12 17
14: 6 18 22
15: 6 21 23
16: 7 17 20
17: 13 16 29
18: 11 14 31
19: 10 12 29
20: 16 28 33
21: 15 22 31
22: 14 21 34
23: 15 24 34
24: 23 25 32
25: 24 26 30
26: 25 27 33
27: 26 28 32
28: 20 27 30
29: 17 19 37
30: 25 28 38
31: 18 21 39
32: 24 27 40
33: 20 26 40
34: 22 23 39
35: 11 38 41
36: 11 37 42
37: 29 36 48
38: 30 35 47
39: 31 34 46
40: 32 33 45
41: 35 42 48
42: 36 41 47
43: 8 46 50
44: 8 45 49
45: 4 40 44
46: 3 39 43
47: 2 38 42
48: 2 37 41
49: 3 44 50
50: 4 43 49

