1: 2 4 15
2: 1 3 8
3: 2 6 37
4: 1 6 7
5: 10 11 22
6: 3 4 9
7: 4 8 12
8: 2 7 9
9: 6 8 14
10: 5 13 17
11: 5 16 18
12: 7 14 33
13: 10 15 16
14: 9 12 20
15: 1 13 21
16: 11 13 19
17: 10 18 19
18: 11 17 30
19: 16 17 21
20: 14 24 26
21: 15 19 50
22: 5 23 27
23: 22 24 25
24: 20 23 29
25: 23 26 28
26: 20 25 31
27: 22 28 48
28: 25 27 29
29: 24 28 31
30: 18 32 36
31: 26 29 36
32: 30 34 35
33: 12 34 40
34: 32 33 41
35: 32 38 40
36: 30 31 38
37: 3 39 42
38: 35 36 41
39: 37 44 46
40: 33 35 46
41: 34 38 46
42: 37 43 45
43: 42 44 49
44: 39 43 47
45: 42 47 48
46: 39 40 41
47: 44 45 50
48: 27 45 49
49: 43 48 50
50: 21 47 49

