1: 2 3 4
2: 1 47 48
3: 1 45 50
4: 1 46 49
5: 6 7 44
6: 5 37 39
7: 5 36 38
8: 9 33 35
9: 8 14 15
10: 23 26 34
11: 24 25 34
12: 15 21 40
13: 20 22 40
14: 9 21 29
15: 9 12 16
16: 15 20 29
17: 25 31 32
18: 19 31 33
19: 18 25 30
20: 13 16 21
21: 12 14 20
22: 13 23 27
23: 10 22 28
24: 11 26 28
25: 11 17 19
26: 10 24 27
27: 22 26 43
28: 23 24 43
29: 14 16 41
30: 19 32 42
31: 17 18 42
32: 17 30 41
33: 8 18 39
34: 10 11 38
35: 8 36 37
36: 7 35 39
37: 6 35 38
38: 7 34 37
39: 6 33 36
40: 12 13 48
41: 29 32 46
42: 30 31 46
43: 27 28 45
44: 5 45 47
45: 3 43 44
46: 4 41 42
47: 2 44 50
48: 2 40 49
49: 4 48 50
50: 3 47 49

