1: 2 3 4
2: 1 43 44
3: 1 40 41
4: 1 39 42
5: 10 13 14
6: 9 11 12
7: 8 15 17
8: 7 16 18
9: 6 15 16
10: 5 17 18
11: 6 14 19
12: 6 13 20
13: 5 12 19
14: 5 11 20
15: 7 9 21
16: 8 9 22
17: 7 10 22
18: 8 10 21
19: 11 13 23
20: 12 14 24
21: 15 18 26
22: 16 17 25
23: 19 29 30
24: 20 27 28
25: 22 33 34
26: 21 31 32
27: 24 30 35
28: 24 29 36
29: 23 28 35
30: 23 27 36
31: 26 34 38
32: 26 33 37
33: 25 32 38
34: 25 31 37
35: 27 29 39
36: 28 30 40
37: 32 34 42
38: 31 33 41
39: 4 35 44
40: 3 36 43
41: 3 38 44
42: 4 37 43
43: 2 40 42
44: 2 39 41

