1: 2 3 4
2: 1 55 56
3: 1 58 60
4: 1 57 59
5: 8 13 14
6: 8 12 15
7: 8 11 16
8: 5 6 7
9: 13 15 25
10: 14 16 26
11: 7 12 24
12: 6 11 23
13: 5 9 18
14: 5 10 17
15: 6 9 19
16: 7 10 20
17: 14 18 30
18: 13 17 29
19: 15 28 32
20: 16 27 31
21: 26 30 46
22: 25 29 45
23: 12 28 38
24: 11 27 37
25: 9 22 32
26: 10 21 31
27: 20 24 35
28: 19 23 36
29: 18 22 43
30: 17 21 44
31: 20 26 42
32: 19 25 41
33: 35 42 53
34: 36 41 54
35: 27 33 40
36: 28 34 39
37: 24 38 40
38: 23 37 39
39: 36 38 52
40: 35 37 51
41: 32 34 50
42: 31 33 49
43: 29 44 48
44: 30 43 47
45: 22 48 50
46: 21 47 49
47: 44 46 60
48: 43 45 59
49: 42 46 58
50: 41 45 57
51: 40 52 56
52: 39 51 55
53: 33 56 58
54: 34 55 57
55: 2 52 54
56: 2 51 53
57: 4 50 54
58: 3 49 53
59: 4 48 60
60: 3 47 59

