1: 2 3 4
2: 1 5 27
3: 1 11 12
4: 1 19 20
5: 2 6 34
6: 5 7 30
7: 6 8 28
8: 7 9 15
9: 8 10 39
10: 9 11 38
11: 3 10 40
12: 3 13 40
13: 12 14 36
14: 13 15 16
15: 8 14 35
16: 14 17 23
17: 16 18 45
18: 17 19 44
19: 4 18 46
20: 4 21 46
21: 20 22 42
22: 21 23 24
23: 16 22 41
24: 22 25 28
25: 24 26 33
26: 25 27 32
27: 2 26 34
28: 7 24 29
29: 28 30 33
30: 6 29 31
31: 30 32 34
32: 26 31 33
33: 25 29 32
34: 5 27 31
35: 15 36 39
36: 13 35 37
37: 36 38 40
38: 10 37 39
39: 9 35 38
40: 11 12 37
41: 23 42 45
42: 21 41 43
43: 42 44 46
44: 18 43 45
45: 17 41 44
46: 19 20 43

